Cycle 1 of game!
Crewmate DaBaby went to location (1,1).
Crewmate DaBaby's output:
-191572
Crewmate 2PAC went to location (100,100).
Crewmate 2PAC's output:
61 51 41 31 21 11
62 52 42 32 22 12
63 53 43 33 23 13
64 54 44 34 24 14
65 55 45 35 25 15
66 56 46 36 26 16
Crewmate Biggie went to location (1,1).
Crewmate Biggie's output:
77060
Crewmate Travis went to location (10,10).
Crewmate Travis's output:
10 76 4 6 8 9 6 43 5 7 9 7 4 5 7 8 9
Crewmate Drake went to location (0,0).
Crewmate Drake's output:
8 65372 12 3 5 4 -1 5 -2 -89
Impostor Tekashi_SixNine went to location (3,4).
Impostor Tekashi_SixNine's output:
Impostor Tekashi_SixNine has just killed crewmate Biggie from distance 5.

Cycle 2 of game!
Crewmate DaBaby went to location (100,100).
Crewmate DaBaby's output:
279940
Crewmate 2PAC went to location (5,5).
Crewmate 2PAC's output:
71 61 51 41 31 21 11
72 62 52 42 32 22 12
73 63 53 43 33 23 13
74 64 54 44 34 24 14
75 65 55 45 35 25 15
76 66 56 46 36 26 16
77 67 57 47 37 27 17
Crewmate Biggie is dead.
Crewmate Travis went to location (5,5).
Crewmate Travis's output:
2 43 5 4 3 5 34 2
Crewmate Drake went to location (9,0).
Crewmate Drake's output:
3 654 5 3 -12 65 245 32
Impostor Tekashi_SixNine went to location (1,2).
Impostor Tekashi_SixNine's output:
Impostor Tekashi_SixNine has just killed crewmate Travis from distance 7.

Cycle 3 of game!
Crewmate DaBaby went to location (2009,5000).
Crewmate DaBaby's output:
11801
Crewmate 2PAC went to location (3,3).
Crewmate 2PAC's output:
21 11
22 12
Crewmate Biggie is dead.
Crewmate Travis is dead.
Crewmate Drake went to location (3,0).
Crewmate Drake's output:
1 2 4 34 -12 32
Impostor Tekashi_SixNine went to location (2,1).
Impostor Tekashi_SixNine's output:
Impostor Tekashi_SixNine has just killed crewmate Drake from distance 2.

Cycle 4 of game!
Crewmate DaBaby went to location (9,19).
Crewmate DaBaby's output:
-9
Crewmate 2PAC went to location (2,2).
Crewmate 2PAC's output:
51 41 31 21 11
52 42 32 22 12
53 43 33 23 13
54 44 34 24 14
55 45 35 25 15
Crewmate Biggie is dead.
Crewmate Travis is dead.
Crewmate Drake is dead.
Impostor Tekashi_SixNine went to location (0,0).
Impostor Tekashi_SixNine's output:
Impostor Tekashi_SixNine has just killed crewmate 2PAC from distance 4.

Cycle 5 of game!
Crewmate DaBaby went to location (100500,100000).
Crewmate DaBaby's output:
725
Crewmate 2PAC is dead.
Crewmate Biggie is dead.
Crewmate Travis is dead.
Crewmate Drake is dead.
Impostor Tekashi_SixNine went to location (0,0).
Impostor Tekashi_SixNine's output:
Impostor Tekashi_SixNine couldn't kill anybody.

